[FAIL] gamemode: ['Set game mode to Creative']
[ok] tp-dry: ['Teleported to 1789.5 88 59.5']
[ok] tp-surface: ['Teleported to 1789.5 94 59.5']
  sample start: [{"type": "minecraft:player", "name": "P1Probe", "uuid": "f1553dd2-0a3b-3042-97ed-f93d0a7b7349", "x": 1789.5, "y": 94.0, "z": 59.5, "health": 20.0, "max_health": 20.0}] player.hp=20.0
[ok] create: ['Founded p1town (small hamlet).']
[ok] site-list: ['site_3_0_31f075c1 village origin 1788,0,58 size 192,32,192 buildings=12', 'site_1_0_0ac99d6a hamlet origin 839,0,296 size 128,32,128 buildings=8']
[ok] adopt: ['Adopted site_3_0_31f075c1 (village): 12 buildings, 8 points of interest, revision 0.']
[ok] survey: ['Survey settlement: plots=4096 water=0 claimed=false chunks=loaded tags=[].']
[ok] give minecraft:oak_planks: ['Gave 255 of minecraft:oak_planks']
[FAIL] give minecraft:oak_planks: []
[ok] give minecraft:oak_log: ['Gave 32 of minecraft:oak_log']
[ok] give minecraft:glass: ['Gave 16 of minecraft:glass']
[ok] give minecraft:oak_door: ['Gave 4 of minecraft:oak_door']
[ok] give minecraft:torch: ['Gave 8 of minecraft:torch']
[ok] give minecraft:red_bed: ['Gave 12 of minecraft:red_bed']
[ok] give minecraft:crafting_table: ['Gave 2 of minecraft:crafting_table']
[ok] give minecraft:chest: ['Gave 2 of minecraft:chest']
[ok] give minecraft:iron_sword: ['Gave 1 of minecraft:iron_sword']
[ok] give minecraft:leather_chestplate: ['Gave 1 of minecraft:leather_chestplate']
[FAIL] project: []
[FAIL] fund: ['No stored plan for that building.']
